// Jest Snapshot v1, https://goo.gl/fbAQLP

exports[`Calculator Component matches the snapshot 1`] = `
<DocumentFragment>
  <div
    class="calculator"
  >
    <h1
      class="title"
    >
      ** Calculator **
    </h1>
    <div
      class="display-section"
    >
      <p
        class="display-value"
      >
          
      </p>
    </div>
    <button
      type="button"
    >
      AC
    </button>
    <button
      type="button"
    >
      +/-
    </button>
    <button
      type="button"
    >
      %
    </button>
    <button
      class="operator"
      type="button"
    >
      รท
    </button>
    <button
      type="button"
    >
      7
    </button>
    <button
      type="button"
    >
      8
    </button>
    <button
      type="button"
    >
      9
    </button>
    <button
      class="operator"
      type="button"
    >
      x
    </button>
    <button
      type="button"
    >
      4
    </button>
    <button
      type="button"
    >
      5
    </button>
    <button
      type="button"
    >
      6
    </button>
    <button
      class="operator"
      type="button"
    >
      -
    </button>
    <button
      type="button"
    >
      1
    </button>
    <button
      type="button"
    >
      2
    </button>
    <button
      type="button"
    >
      3
    </button>
    <button
      class="operator"
      type="button"
    >
      +
    </button>
    <button
      class="zero"
      type="button"
    >
      0
    </button>
    <button
      type="button"
    >
      .
    </button>
    <button
      class="operator"
      type="button"
    >
      =
    </button>
  </div>
</DocumentFragment>
`;
