// Jest Snapshot v1, https://goo.gl/fbAQLP

exports[`operate function should return correct result 1`] = `"5"`;
